2012/12/17 23:49:52 test
[mylogger]2012/12/17 23:49:52 test1
[mylogger]2012/12/17 23:49:52 test2
